[26-Apr-2026 10:02:56 Europe/Moscow] PHP Warning:  Undefined variable $num in /home/a1178155/domains/derbugov.ru/public_html/learn-php/index.php on line 48
[26-Apr-2026 10:09:32 Europe/Moscow] PHP Warning:  Undefined variable $num in /home/a1178155/domains/derbugov.ru/public_html/learn-php/index.php on line 48
[26-Apr-2026 10:10:37 Europe/Moscow] PHP Warning:  Undefined variable $num in /home/a1178155/domains/derbugov.ru/public_html/learn-php/index.php on line 48
[26-Apr-2026 10:16:33 Europe/Moscow] PHP Fatal error:  Uncaught Error: Call to undefined function num = () in /home/a1178155/domains/derbugov.ru/public_html/learn-php/index.php:49
Stack trace:
#0 {main}
  thrown in /home/a1178155/domains/derbugov.ru/public_html/learn-php/index.php on line 49
[26-Apr-2026 10:23:13 Europe/Moscow] PHP Warning:  Undefined variable $num in /home/a1178155/domains/derbugov.ru/public_html/learn-php/index.php on line 48
[27-Apr-2026 22:59:51 Europe/Moscow] PHP Warning:  Undefined variable $num in /home/a1178155/domains/derbugov.ru/public_html/learn-php/index.php on line 48
[28-Apr-2026 22:28:30 Europe/Moscow] PHP Warning:  Undefined variable $num in /home/a1178155/domains/derbugov.ru/public_html/learn-php/index.php on line 48
[18-Aug-2026 12:10:15 Europe/Moscow] PHP Warning:  Undefined variable $userName in /home/a1178155/domains/derbugov.ru/public_html/learn-php/POST/checkbox.php on line 8
[18-Aug-2026 12:10:22 Europe/Moscow] PHP Warning:  Undefined variable $userName in /home/a1178155/domains/derbugov.ru/public_html/learn-php/POST/checkbox.php on line 8
[18-Aug-2026 12:11:30 Europe/Moscow] PHP Warning:  Undefined array key "isRemember" in /home/a1178155/domains/derbugov.ru/public_html/learn-php/POST/checkbox.php on line 11
[18-Aug-2026 12:11:30 Europe/Moscow] PHP Warning:  Undefined variable $userPassword in /home/a1178155/domains/derbugov.ru/public_html/learn-php/POST/checkbox.php on line 16
[18-Aug-2026 12:11:30 Europe/Moscow] PHP Deprecated:  mb_strlen(): Passing null to parameter #1 ($string) of type string is deprecated in /home/a1178155/domains/derbugov.ru/public_html/learn-php/POST/checkbox.php on line 16
[18-Aug-2026 12:12:44 Europe/Moscow] PHP Warning:  Undefined array key "isRemember" in /home/a1178155/domains/derbugov.ru/public_html/learn-php/POST/checkbox.php on line 11
[18-Aug-2026 12:12:44 Europe/Moscow] PHP Warning:  Undefined variable $userPassword in /home/a1178155/domains/derbugov.ru/public_html/learn-php/POST/checkbox.php on line 16
[18-Aug-2026 12:12:44 Europe/Moscow] PHP Deprecated:  mb_strlen(): Passing null to parameter #1 ($string) of type string is deprecated in /home/a1178155/domains/derbugov.ru/public_html/learn-php/POST/checkbox.php on line 16
[18-Aug-2026 12:12:48 Europe/Moscow] PHP Warning:  Undefined array key "isRemember" in /home/a1178155/domains/derbugov.ru/public_html/learn-php/POST/checkbox.php on line 11
[18-Aug-2026 12:12:48 Europe/Moscow] PHP Warning:  Undefined variable $userPassword in /home/a1178155/domains/derbugov.ru/public_html/learn-php/POST/checkbox.php on line 16
[18-Aug-2026 12:12:48 Europe/Moscow] PHP Deprecated:  mb_strlen(): Passing null to parameter #1 ($string) of type string is deprecated in /home/a1178155/domains/derbugov.ru/public_html/learn-php/POST/checkbox.php on line 16
[18-Aug-2026 12:13:44 Europe/Moscow] PHP Warning:  Undefined array key "isRemember" in /home/a1178155/domains/derbugov.ru/public_html/learn-php/POST/checkbox.php on line 11
[18-Aug-2026 12:14:03 Europe/Moscow] PHP Warning:  Undefined array key "isRemember" in /home/a1178155/domains/derbugov.ru/public_html/learn-php/POST/checkbox.php on line 11
[18-Aug-2026 12:14:07 Europe/Moscow] PHP Warning:  Undefined array key "isRemember" in /home/a1178155/domains/derbugov.ru/public_html/learn-php/POST/checkbox.php on line 11
[18-Aug-2026 12:15:26 Europe/Moscow] PHP Warning:  Undefined array key "isRemember" in /home/a1178155/domains/derbugov.ru/public_html/learn-php/POST/checkbox.php on line 13
[18-Aug-2026 12:16:09 Europe/Moscow] PHP Warning:  Undefined array key "isRemember" in /home/a1178155/domains/derbugov.ru/public_html/learn-php/POST/checkbox.php on line 13
[18-Aug-2026 12:17:21 Europe/Moscow] PHP Warning:  Undefined array key "isRemember" in /home/a1178155/domains/derbugov.ru/public_html/learn-php/POST/checkbox.php on line 13
[18-Aug-2026 12:19:39 Europe/Moscow] PHP Warning:  Undefined variable $isRemember in /home/a1178155/domains/derbugov.ru/public_html/learn-php/POST/checkbox.php on line 28
[24-Aug-2026 08:50:12 Europe/Moscow] PHP Warning:  Undefined array key "filename" in /home/a1178155/domains/derbugov.ru/public_html/learn-php/upload/handler.php on line 8
[24-Aug-2026 08:50:12 Europe/Moscow] PHP Warning:  Trying to access array offset on null in /home/a1178155/domains/derbugov.ru/public_html/learn-php/upload/handler.php on line 8
[24-Aug-2026 08:50:12 Europe/Moscow] PHP Warning:  Undefined array key "filename" in /home/a1178155/domains/derbugov.ru/public_html/learn-php/upload/handler.php on line 9
[24-Aug-2026 08:50:12 Europe/Moscow] PHP Warning:  Trying to access array offset on null in /home/a1178155/domains/derbugov.ru/public_html/learn-php/upload/handler.php on line 9
[24-Aug-2026 08:50:12 Europe/Moscow] PHP Warning:  Undefined variable $tmp_name in /home/a1178155/domains/derbugov.ru/public_html/learn-php/upload/handler.php on line 11
[24-Aug-2026 08:50:53 Europe/Moscow] PHP Warning:  Undefined variable $tmp_name in /home/a1178155/domains/derbugov.ru/public_html/learn-php/upload/handler.php on line 11
[24-Aug-2026 08:59:04 Europe/Moscow] PHP Warning:  move_uploaded_file(PHP.txt/upoload): Failed to open stream: No such file or directory in /home/a1178155/domains/derbugov.ru/public_html/learn-php/upload/handler.php on line 11
[24-Aug-2026 08:59:04 Europe/Moscow] PHP Warning:  move_uploaded_file(): Unable to move &quot;/tmp/phpnVfdzE&quot; to &quot;PHP.txt/upoload&quot; in /home/a1178155/domains/derbugov.ru/public_html/learn-php/upload/handler.php on line 11
[24-Aug-2026 09:05:07 Europe/Moscow] PHP Warning:  move_uploaded_file(/upoloadPHP.txt): Failed to open stream: Permission denied in /home/a1178155/domains/derbugov.ru/public_html/learn-php/upload/handler.php on line 11
[24-Aug-2026 09:05:07 Europe/Moscow] PHP Warning:  move_uploaded_file(): Unable to move &quot;/tmp/phpgdwxYe&quot; to &quot;/upoloadPHP.txt&quot; in /home/a1178155/domains/derbugov.ru/public_html/learn-php/upload/handler.php on line 11
[24-Aug-2026 09:05:41 Europe/Moscow] PHP Warning:  move_uploaded_file(/upoload/PHP.txt): Failed to open stream: No such file or directory in /home/a1178155/domains/derbugov.ru/public_html/learn-php/upload/handler.php on line 11
[24-Aug-2026 09:05:41 Europe/Moscow] PHP Warning:  move_uploaded_file(): Unable to move &quot;/tmp/phpb8YSjh&quot; to &quot;/upoload/PHP.txt&quot; in /home/a1178155/domains/derbugov.ru/public_html/learn-php/upload/handler.php on line 11
[24-Aug-2026 09:07:48 Europe/Moscow] PHP Warning:  move_uploaded_file(/home/a1178155/domains/derbugov.ru/public_html/learn-php/upload/upload/PHP.txt): Failed to open stream: No such file or directory in /home/a1178155/domains/derbugov.ru/public_html/learn-php/upload/handler.php on line 11
[24-Aug-2026 09:07:48 Europe/Moscow] PHP Warning:  move_uploaded_file(): Unable to move &quot;/tmp/php5gy6IJ&quot; to &quot;/home/a1178155/domains/derbugov.ru/public_html/learn-php/upload/upload/PHP.txt&quot; in /home/a1178155/domains/derbugov.ru/public_html/learn-php/upload/handler.php on line 11
[24-Aug-2026 09:07:51 Europe/Moscow] PHP Warning:  move_uploaded_file(/home/a1178155/domains/derbugov.ru/public_html/learn-php/upload/upload/PHP.txt): Failed to open stream: No such file or directory in /home/a1178155/domains/derbugov.ru/public_html/learn-php/upload/handler.php on line 11
[24-Aug-2026 09:07:51 Europe/Moscow] PHP Warning:  move_uploaded_file(): Unable to move &quot;/tmp/phpemLJ3g&quot; to &quot;/home/a1178155/domains/derbugov.ru/public_html/learn-php/upload/upload/PHP.txt&quot; in /home/a1178155/domains/derbugov.ru/public_html/learn-php/upload/handler.php on line 11
[30-Aug-2026 16:32:00 Europe/Moscow] PHP Warning:  move_uploaded_file(/home/a1178155/domains/derbugov.ru/public_html/learn-php/upload/files/images1.webp): Failed to open stream: No such file or directory in /home/a1178155/domains/derbugov.ru/public_html/learn-php/upload/handler.php on line 11
[30-Aug-2026 16:32:00 Europe/Moscow] PHP Warning:  move_uploaded_file(): Unable to move &quot;/tmp/phpjbrTxz&quot; to &quot;/home/a1178155/domains/derbugov.ru/public_html/learn-php/upload/files/images1.webp&quot; in /home/a1178155/domains/derbugov.ru/public_html/learn-php/upload/handler.php on line 11
[31-Aug-2026 09:55:25 Europe/Moscow] PHP Warning:  move_uploaded_file(/home/a1178155/domains/derbugov.ru/public_html/learn-php/upload/files/20260831_095403.jpg): Failed to open stream: No such file or directory in /home/a1178155/domains/derbugov.ru/public_html/learn-php/upload/handler.php on line 11
[31-Aug-2026 09:55:25 Europe/Moscow] PHP Warning:  move_uploaded_file(): Unable to move &quot;/tmp/phpcshnqu&quot; to &quot;/home/a1178155/domains/derbugov.ru/public_html/learn-php/upload/files/20260831_095403.jpg&quot; in /home/a1178155/domains/derbugov.ru/public_html/learn-php/upload/handler.php on line 11
